// Jest Snapshot v1, https://goo.gl/fbAQLP

exports[`<TodoItem data={{ title: "xxx" }} /> renders correctly across screens 1`] = `null`;
